     1	[1;37m
     2	                     *** WEIRD STUFF SOURCE LIST ***
     3	    An access guide for hard-to-find items, equipment, and information
     4	                         Last Updated: 08/01/93
     5	
     6	
     7	[1;33m
     8	                               ART BY MAIL
     9	[1;32m
    10	Art Matrix                        Contact: Homer Smith
    11	P.O. Box 880                      Phone  : 800-739-3889  FAX: 607-277-8913
    12	Ithaca,New York                   Price  : Free
    13	[1;36m
    14	We design high quality fractal products such as 
    15	Posters,shirts,software,button slides and our famous 2-hour video 
    16	'Mandlebrot Sets and Julia Sets' which is 2-solid hours of fractal 
    17	animation with a choregraphed soundtrack. Any questions or comments can be 
    18	sent via E-MAIL Skyy@well.sf.ca.us. Reviewed by: Skyy King on 06/13/93 @ 
    19	&TOTSE
    20	
    21	
    22	
    23	[1;33m
    24	                        CASSETTES / MUSIC BY MAIL
    25	[1;32m
    26	Sub Pop Records                   Contact:  
    27	1932 First Ave.     Suite 1103    Phone  : 206-441-8441  FAX: 206-441-0474
    28	Seattle, Wa   98101   (Usa)       Price  : Free
    29	[1;36m
    30	AWESOME catalog of groups like Mudhoney, and Nirvana, and millions you 
    31	never heard of   (I reccommend this!). Reviewed by: Suicidal Failure on 
    32	03/02/93 @ &TOTSE
    33	
    34	
    35	
    36	[1;33m
    37	                       CHEMICALS, DRUGS, AND HERBS
    38	[1;32m
    39	Aardvaark Industries              Contact:  
    40	PO Box 35066                      Phone  : 502-966-2115        
    41	Louisville, KY 40218              Price  : Catalog $2.00
    42	[1;36m
    43	Exotic chemiclas such as ricin, scopalomine (truth serum), curare,
    44	cobra & rattlesnake venoms, etc.  Also carries specialized
    45	laboratory apparatus, glassware, etc.
    46	
    47	[1;32m
    48	C.C.P., Inc.                      Contact:  
    49	900 Old Koenig, Suite 125         Phone  : 512-454-2459        
    50	Austin, TX 78756                  Price  :  
    51	[1;36m
    52	Chemicals.
    53	
    54	[1;32m
    55	Chemical Service Co.              Contact:  
    56	Route 7, Box 7184                 Phone  :                     
    57	Brenham, TX 77833                 Price  :  
    58	[1;36m
    59	Sells potassium chlorate, iodine crystals, aluminum powder, and other
    60	hard-to-find chemicals, in small quantities at fair prices.
    61	Full listing $1.00
    62	
    63	[1;32m
    64	Ol' Green Giant                   Contact:  
    65	PO Box 62                         Phone  :                     
    66	Burns, KS 66840                   Price  : Catalog $0.50
    67	[1;36m
    68	Offers a prepared, ready-to-use vial of one of the most deadly
    69	poisons known - nicotine sulfate.  Great for knocking off rats or
    70	cape buffalo with a blowgun, crossbow, or air-gun dart.  Also sells
    71	blowguns and survival gear.
    72	
    73	[1;32m
    74	Phoenix                           Contact:  
    75	Rt 1, Box 221                     Phone  :                     
    76	Blue River, WI 53518              Price  :  
    77	[1;36m
    78	Potassium nitrate, magnesium, and other chemicals.
    79	
    80	[1;32m
    81	Sun Scientific                    Contact:  
    82	175 S.W. 20Th Way                 Phone  : 800-533-4605        
    83	Dania, Fl 33004                   Price  : Free
    84	[1;36m
    85	Call for free catalog. Chemicals (HCl, nitric acid, potassium cyanide, 
    86	lots more), glassware, and other lab equipment. Reviewed by: Jakn4beatz on 
    87	03/24/93 @ &TOTSE
    88	
    89	
    90	
    91	[1;33m
    92	                                 COMICS
    93	[1;32m
    94	Last Gasp                         Contact:  
    95	2180 Bryant                       Phone  : 415-824-6636  FAX: 415-824-1836
    96	San Francisco, Ca  94110          Price  : $2.00
    97	[1;36m
    98	Comix, lots of Art books, zines, and much more 'free thinking' literature. 
    99	Reviewed by: Pupmuncher on 03/02/93 @ &TOTSE
   100	
   101	[1;32m
   102	Mile High Comics                  Contact:  
   103	2151 W 56Th Ave                   Phone  :                     
   104	Denver, Co 80221                  Price  :  
   105	[1;36m
   106	Thousands and thousands of 'mainstream' comics at decent prices. Reviewed 
   107	by: Pupmuncher on 03/02/93 @ &TOTSE
   108	
   109	
   110	
   111	[1;33m
   112	                        COMPUTERS AND TECHNOLOGY
   113	[1;32m
   114	BNF Enterprises                   Contact:  
   115	PO Box 3357                       Phone  : 617-531-5775        
   116	Peabody, MA 01960                 Price  :  
   117	[1;36m
   118	General electronics supplier.  Has a vast selection of surplus parts,
   119	components, gadgets, etc.  Huge catalog.
   120	
   121	[1;32m
   122	Cabletronics                      Contact:  
   123	Box 30502R                        Phone  :                     
   124	Bethseda, MD 20814                Price  : $13.95 + $2.00 postage.
   125	[1;36m
   126	Videocypher II descrambling manual, schematics, video & audio DES,
   127	cloning, muskateering, EPROM codes (HBO, Cinemax, Showtime, Adult
   128	channels).
   129	
   130	[1;32m
   131	Capri Electronics                 Contact:  
   132	Route 1                           Phone  : 404-376-3712        
   133	Canon, GA 30250                   Price  :  
   134	[1;36m
   135	Sells scanner accessories, descramblers, bug detectors.
   136	
   137	[1;32m
   138	CBC International                 Contact:  
   139	PO Box 31500                      Phone  :                     
   140	Phoenix, AZ 85046                 Price  :  
   141	[1;36m
   142	Sells tech info, kits, parts for modifications to CB radios, such as
   143	FM conversion, frequency expansion, linears, etc.
   144	
   145	[1;32m
   146	Deco Industries                   Contact:  
   147	Box 607                           Phone  : 914-232-3878        
   148	Bedford Hills, NY 10507           Price  :  
   149	[1;36m
   150	Kits for miniature FM xmitters, telephone bugs, etc.
   151	
   152	[1;32m
   153	Diptronics                        Contact:  
   154	PO Box 60                         Phone  :                     
   155	Lake Hiawatha, NJ 07034           Price  : Catalog is $3.00
   156	[1;36m
   157	An excellent source of information and components for satellite TV
   158	systems, from complete dish kits to separate parts for homebrew
   159	systems.  Catalog contains some good technical info.
   160	
   161	[1;32m
   162	Diversified Wholesale Products    Contact:  
   163	PO Box 1275                       Phone  :                     
   164	Redondo Beach, CA 90278           Price  : Catalog $3.00
   165	[1;36m
   166	Scrambler phones, bug detectors, ECM, executive & personal protection
   167	equipment, etc.
   168	
   169	[1;32m
   170	Edmund Scientific Co.             Contact:  
   171	101 E. Gloucester Pike            Phone  :                     
   172	Barrington, NJ 08007              Price  :  
   173	[1;36m
   174	Offers a catalog of science/hobbyist-oriented devices and materials,
   175	including binoculars, IR viewers, lasers, lenses, and some
   176	electronics gear.  A well-established, reliable co.
   177	
   178	[1;32m
   179	Excalibur Enterprises             Contact:  
   180	PO Box 266                        Phone  : 215-967-3443        
   181	Emmans, PA 18049                  Price  : Informative catalog $5.00.
   182	[1;36m
   183	Night-vision devices, Starlight weapon scopes, etc.
   184	
   185	[1;32m
   186	The Intelligence Group            Contact: Jerry Ogelsby (Mngr)
   187	1324 West Waters Ave              Phone  : 813-933-9244        
   188	Lighthouse Point, FL 33064        Price  :  
   189	[1;36m
   190	Specializes in video equipment of all types, including pin-hole lenses,
   191	ABSCAM investigative equipment, etc.
   192	
   193	[1;32m
   194	J & W Electronics, Inc.           Contact:  
   195	PO Box 800                        Phone  : 800-227-8529        
   196	Mansfield, MA 02048               Price  :  
   197	[1;36m
   198	Cable converters, Macrovision, signal eliminators, snooper stopper
   199	(which prevents cable co.'s from knowing how many cable converters you
   200	have).
   201	
   202	[1;32m
   203	M.D. Electronics                  Contact:  
   204	115 New York Mall, Suite 133E     Phone  : 402-554-0417        
   205	Omaha NE 68114                    Price  :  
   206	[1;36m
   207	Cable TV descramblers, cable converters. Dial 1-800-524-1150 to order.
   208	
   209	[1;32m
   210	Mouser Electronics                Contact:  
   211	11433 Woodside Ave                Phone  :                     
   212	Santee, CA 92071                  Price  : 619-449-2222
   213	[1;36m
   214	Electronic components, parts, & equip.  Good prices & service.
   215	Usually has what you can't find elsewhere.
   216	
   217	[1;32m
   218	PK Electronik                     Contact:  
   219	Heidenkampsweig 74                Phone  : 040 249011          
   220	2000 Hamburg 1, West Germany      Price  :  
   221	[1;36m
   222	Offers the most complete line of highly-sophisticated electronic
   223	bugging devices & cloak-&-dagger devices in the world, with prices
   224	to match.  Prompt service via Air Parcel Post.
   225	Bi-lingual English/German catalog $25.00 by International Money Order.
   226	
   227	[1;32m
   228	Scramble Facts                    Contact:  
   229	                                  Phone  : 718-343-0130        
   230	                                  Price  :  
   231	[1;36m
   232	Phone for 3 mins of satellite TV industry news, tech tips, & new
   233	product info.
   234	
   235	[1;32m
   236	Scrambling News                   Contact:  
   237	15552A Hertel Ave                 Phone  : 716-874-2088        
   238	Buffalo, NY 14216                 Price  : Monthly subscription $24.95/yr
   239	[1;36m
   240	Newsletter with info on Videocipher, cloning, microwave hacking,
   241	Z-TAC systems, etc.
   242	Product catalog $1.00
   243	
   244	[1;32m
   245	TAP                               Contact:  
   246	Room 603                          Phone  :                     
   247	147 W. 42 St                      Price  :  
   248	[1;36m
   249	This is a Times Square mail drop for these folks.  Basically, they are
   250	anti-telephone co., anti-bureaucracy, technically-oriented, semi-
   251	radicals who publish a newsletter, which is usually one or two pages
   252	of technical information on such things as how to rip off pay phones &
   253	utility companies, cheat the postal service, and other similar ideas.
   254	A sample newsletter is $1.00, but don't send cash as TAP isn't all that
   255	reliable about filling orders.
   256	
   257	[1;32m
   258	Trans-World Cable Co.             Contact:  
   259	12062 Southwest 117th Court       Phone  : 800-442-9333        
   260	Suite 126                         Price  :  
   261	[1;36m
   262	Cable TV converters, descramblers, remote controls, accessories.
   263	
   264	[1;32m
   265	United Electronic Supply          Contact:  
   266	PO Box 1206                       Phone  : 312-697-0600        
   267	Elgin, IL 60121                   Price  :  
   268	[1;36m
   269	Cable TV accessories, descramblers, remotes, anti-jammer kits.
   270	
   271	[1;32m
   272	Video & Satellite Marketeer       Contact:  
   273	PO Box 21026                      Phone  : 614-451-6353        
   274	Columbus, OH 43221                Price  :  
   275	[1;36m
   276	A newsletter for those interested in video, VCR, satellite dishes, etc.
   277	Has a catalog of a wide variety of recorded tapes, and interesting
   278	classifieds.
   279	
   280	[1;32m
   281	Wynn Engineering                  Contact:  
   282	4327 Aspenglade Dr                Phone  :                     
   283	Houston, TX 77064                 Price  : Catalog $3.00
   284	[1;36m
   285	Home-made surveillance gear or good to excellent quality.  Good
   286	performance.
   287	
   288	
   289	
   290	[1;33m
   291	                             GREAT CATALOGS
   292	[1;32m
   293	Amok, Fourth Dispatch             Contact:  
   294	P.O Box 861867, Terminal Annex    Phone  : 213-665-0956        
   295	Los Angeles, Ca, 90086-1867       Price  :  
   296	[1;36m
   297	the amok fourth dispatch offers over two thousand five book titles & 
   298	vido,audo cassettes, raw data!..forensic medical texts, cia torture 
   299	manuals, behavior control, porn, satanist manifestos, nudest coloy guide 
   300	books, ufo's, aids as biological warfare, cyberpunk scifi, poe, 
   301	h.p.lovecraft, nietzsche, and more.. Reviewed by: Hib on 07/29/93 @ &TOTSE
   302	
   303	[1;32m
   304	Books-by-phone                    Contact:  
   305	P.O. Box 522                      Phone  : 800-858-2665        
   306	Berkeley, Ca  94701               Price  : $2 for Catalog
   307	[1;36m
   308	Books-by-Phone offers controversial and underground books on topics such 
   309	as comics, criminology, cyberpunk, drugs, ID, the occult, privacy, 
   310	rock&roll, sexuality, shaminism, survival, visionary literature, and 
   311	weird&exotic books. Call and have them send you a catalog today! Reviewed 
   312	by: Jeff Hunter on 05/06/93 @ &TOTSE
   313	
   314	[1;32m
   315	Eden Press                        Contact:  
   316	P.O. Box 8410                     Phone  : 800-338-8484        
   317	Fountain Valley, Ca  92728        Price  : Free
   318	[1;36m
   319	Great catalog of books on privacy, fake ID, offshore banking, and the 
   320	underground economy. Reviewed by: Jeff Hunter on 06/24/93 @ &TOTSE
   321	
   322	[1;32m
   323	Loompanics Unlimited              Contact: Michael Hoy
   324	P.O. Box 1197                     Phone  :                     
   325	Port Townsend, Wa  98368          Price  : $5 for a Catalog
   326	[1;36m
   327	Loompanics sells "unusual" books. The sections in their catalog include 
   328	The Underground Economy, Tax Avoidance, Fake ID, Big Brother, Locks & 
   329	Locksmithing, Self Defense, Revenge, Guns, Bombs, Guerrilla Warfare, Sex, 
   330	Drugs, Science & Technology, Anarchism, Self-Publishing, and MORE!
   331	
   332	[1;32m
   333	Paladin Press                     Contact:  
   334	P.O. Box 1307                     Phone  : 800-872-4993  FAX: 303-442-8741
   335	Boulder, Co  80306                Price  : Free
   336	[1;36m
   337	Books on Scams, New ID's, SWAT, Military, Ivestigating, Weapons, 
   338	Self-Defense much, much more. Reviewed by: Pupmuncher on 03/02/93 @ &TOTSE
   339	
   340	
   341	
   342	[1;33m
   343	                           GUNS AND EXPLOSIVES
   344	[1;32m
   345	American Ballistics Co.           Contact:  
   346	PO Box 1410                       Phone  : 404-434-3078        
   347	Marietta, GA 30061                Price  :  
   348	[1;36m
   349	Sells special-purpose ammunition, sub-sonic, super-sonic, armor-
   350	piercing, etc.  Will custom-manuf. ammo to specifications.
   351	
   352	[1;32m
   353	Atlantic                          Contact:  
   354	Box 12627                         Phone  :                     
   355	Charleston, S.C. 29412            Price  :  
   356	[1;36m
   357	Stinkbombs.
   358	
   359	[1;32m
   360	Bryg's Inc.                       Contact:  
   361	PO Box 1452                       Phone  : 404-448-9606        
   362	Lilburn, GA 30247                 Price  :  
   363	[1;36m
   364	Sells a push-button stilleto, which is carried in a pocket like a pen.
   365	When the pocket-clip is pressed, a needle-sharp hardened-steel shaft
   366	springs out from the front of the barrel, locking in place.
   367	
   368	[1;32m
   369	Bumble-Bee Wholesale              Contact:  
   370	1251-3 Oxnard St                  Phone  : 213-985-2939        
   371	N. Hollywood, CA 91606            Price  :  
   372	[1;36m
   373	Barnett crossbows, guns, archery equipment.
   374	
   375	[1;32m
   376	C & T Enterprises                 Contact:  
   377	PO Box 18564                      Phone  :                     
   378	Tuscon, AZ 85731                  Price  :  
   379	[1;36m
   380	Sells M-18 military-type smoke grenades; any color.  Used to sell for
   381	$18 each.
   382	
   383	[1;32m
   384	Covert Arms Co.                   Contact:  
   385	PO Drawer 31190                   Phone  : 915-594-4077        
   386	El Paso, TX 79931                 Price  :  
   387	[1;36m
   388	Sells a kit for assembling a .22 pen gun. Contains everything but the
   389	outer tube.  Info is supplied on where to buy the outer tube.
   390	Assembly is quick & requires no special skills or tools.  ILLEGAL to
   391	assemble the firearm without the appropriate federal permit.
   392	Shoots any type of .22 ammo, including magnum.
   393	
   394	[1;32m
   395	Criminal Research Products        Contact:  
   396	206 - 218 East Hector St          Phone  :                     
   397	Conshocken, PA 19428              Price  :  
   398	[1;36m
   399	Handles a large line of general police and investigative equipment,
   400	including electronic surveillance items.  They have two separate
   401	catalogs, one for the general public, and one for law-enforcement.
   402	Genuine law-enforcement officers should specify this fact when
   403	requesting a catalog, or they'll receive the ORDINARY one.
   404	
   405	[1;32m
   406	De Voe                            Contact:  
   407	PO Box 32                         Phone  :                     
   408	Berlin, PA 15530                  Price  :  
   409	[1;36m
   410	Sells info on making electronic detonators.
   411	
   412	[1;32m
   413	Dektor Counter-Intelligence &     Contact:  
   414	515 Barnard St                    Phone  :                     
   415	Savannah, GA 31401                Price  :  
   416	[1;36m
   417	Offers professional countermeasures services to the private sector,
   418	conducts classes and seminars on the subject, and markets a complete
   419	line of countermeasures equipment, both to the private sector and
   420	to law enforcement.  Prices are higher than most, but not unreasonable.
   421	Some knowledge is required to use the equipment effectively.
   422	
   423	[1;32m
   424	The Edge Co.                      Contact:  
   425	PO Box 826                        Phone  : 1-800-445-10        
   426	Brattleboro, VT 05301             Price  :  
   427	[1;36m
   428	Knife kits for switchblades, stilletos, and other automatic knives.
   429	Assembled kits may be ILLEGAL in your area.
   430	
   431	[1;32m
   432	Freedom Arms                      Contact:  
   433	Box 7072                          Phone  :                     
   434	Springfield, MO 65801             Price  :  
   435	[1;36m
   436	Sells info on making plastic explosives, napalm, thermite, etc. for
   437	$10.00.
   438	
   439	[1;32m
   440	Guardian Security Products        Contact:  
   441	4001 East Fanfol                  Phone  : 800-527-4434        
   442	Phoenix, AZ 85028                 Price  : Catalog $1.00
   443	[1;36m
   444	Electronic stun guns, 90000 volt baton, spray weapons.
   445	
   446	[1;32m
   447	Howell Laboratories               Contact:  
   448	Box 73                            Phone  :                     
   449	Folly Beach, SC 29439             Price  :  
   450	[1;36m
   451	Sells formulas for smoke grenades, fireworks, contact explosives, etc.
   452	
   453	[1;32m
   454	L & M Guns                        Contact:  
   455	1629 Gaylor St                    Phone  : 404-432-6018        
   456	Smyrna, GA 30080                  Price  :  
   457	[1;36m
   458	Before you read this one, please note that it's ILLEGAL to own or
   459	omprovise any type of device which is definable as a firearm
   460	silencer, without proper licensing and authorization, where required.
   461	Now then...  this company sells an adapter which allows you to use
   462	an ordinary 2-litre plastic soft-drink bottle to effectively quiet
   463	the muzzle blast of most firearms, particularly a .22.  It works almost
   464	as well as a $200 machined device.
   465	
   466	[1;32m
   467	Larc International                Contact:  
   468	PO Box 460                        Phone  : 305-339-6699        
   469	Maitland, FL 32751                Price  :  
   470	[1;36m
   471	Sells a freon-powered BB machine gun.  Shoots 3000 BBs per minute at
   472	an effective range of about 30 yds.  Uses standard BBs and standard-
   473	sized cans of freon (avail. at most auto-supply stores).  Price used
   474	to be about $40.00.  Dangerous; not a toy.
   475	
   476	[1;32m
   477	Liberty Industries                Contact:  
   478	Box 279, Rd 4                     Phone  :                     
   479	Quakertown, PA 18951              Price  : 12-page catalog $1.00
   480	[1;36m
   481	Offers a fantastic selection of pyrotechnic components & chemicals.
   482	They specialize in complete kits, consisting of pre-formed tubes,
   483	end-caps, fuse, and everything else needed to make REAL fireworks.
   484	They START at the M-60 size and go upward to the quarter-stick and
   485	full-stick items.  They also have kits for making big aerial gun
   486	salutes.  May be illegal in some areas.
   487	
   488	[1;32m
   489	M&M Engineering                   Contact:  
   490	RR 1, Box 2630                    Phone  : 800-952-0440        
   491	Arlington, Vt  05250              Price  : Says $3.00, Free At Gun Show
   492	[1;36m
   493	Lots of manuals on making guns 'full-autos' and other gun modification 
   494	books. " Manuals, Plans, & Blueprints For: Exotic Full Auto Firearms, 
   495	Home-Improvised Explosives, Silencers, Military - DEA, CIA, FBI, 
   496	Investigation, Self-Defense, Law Enforcement Training, Revenge, 
   497	Wiretapping, ... Survival Tactics ". Reviewed by: Pupmuncher on 03/02/93 @ 
   498	&TOTSE
   499	
   500	[1;32m
   501	Matthews Cutlery                  Contact:  
   502	3845-A N. Druid Hills Rd.         Phone  : 404-636-7923        
   503	Decatur, GA 30033                 Price  : Catalog $1.50
   504	[1;36m
   505	Handles over 1000 different knives, tomahawks, etc.
   506	
   507	[1;32m
   508	Matthews Police Supply Co.        Contact:  
   509	PO Box 1754                       Phone  :                     
   510	Matthews, NC 28105                Price  :  
   511	[1;36m
   512	Brass knuckles, lead-loaded sap gloves, etc.
   513	
   514	[1;32m
   515	MKBS Publications                 Contact:  
   516	4111 Lincoln Blvd                 Phone  :                     
   517	Marina Del Rey, CA 90291          Price  :  
   518	[1;36m
   519	Sells info on making explosive bullets, including .22 rimfire.
   520	Also has other instructional materials on explosives-making
   521	and related hobbies.
   522	
   523	[1;32m
   524	Morris Lawing                     Contact:  
   525	150 Garland Ct                    Phone  :                     
   526	Charlotte, NC 28202               Price  : Catalog $1.00
   527	[1;36m
   528	Markets a black-powder short rifle which is disguised as a walking-
   529	cane.
   530	
   531	[1;32m
   532	Nuclear Research                  Contact:  
   533	Box 10073                         Phone  :                     
   534	Springfield, MO 65808             Price  : Manufacturing instructions $15
   535	[1;36m
   536	Astrolite explosives - they claim they're "the most powerful non-
   537	nuclear explosives ever developed.  More powerful than TNT, C-4,
   538	plastic, nitroglycerin, or PBXN-1".
   539	
   540	[1;32m
   541	Phoenix Systems Inc.              Contact:  
   542	Po Box 3339                       Phone  : 303-277-0305  FAX: 303-278-8101
   543	Evergreen, Co 80439 Us            Price  : $3.00/Copy
   544	[1;36m
   545	Lockpicking supplies, bugs, smokebombs, videos, books...ect. Reviewed by: 
   546	Vicious on 03/02/93 @ &TOTSE
   547	
   548	[1;32m
   549	R.P.B.                            Contact:  
   550	4327-A1 S. Atlanta Rd. S.E.       Phone  :                     
   551	Smyrna, GA 30080                  Price  :  
   552	[1;36m
   553	Remember Morris Lawing's black-powder cane gun?  Well, this co. sells
   554	a conversion kit to make Lawing's cane gun shoot a .38 Special.
   555	Comes with everything, & screws right in.  ILLEGAL without the proper
   556	permits.
   557	
   558	[1;32m
   559	Rosedale Chemical Co.             Contact:  
   560	R. 17, Box 3042                   Phone  : 800-821-5157        
   561	Rosedale, KS 66103                Price  :  
   562	[1;36m
   563	Sells an aerosol-type CN tear gas grenade.  Thumb-lock to release and
   564	toss.  Discharges an impressive amount of CN.  Great for those boring
   565	parties.
   566	
   567	[1;32m
   568	Sardauker Press                   Contact:  
   569	Box 18644                         Phone  :                     
   570	Memphis TN 38118                  Price  : Complete plans $7.00
   571	[1;36m
   572	Sells plans & shop drawings for converting an ordinary Zippo lighter
   573	to shoot a .22 short (simple machine work).  Finished weapon may still
   574	be used as a lighter.  This is ILLEGAL to manufacture without an
   575	appropriate federal license and local permit, if required.
   576	
   577	[1;32m
   578	Scramco                           Contact:  
   579	852 W. 1st St                     Phone  : 215-582-1694        
   580	Birdsboro, PA 19508               Price  :  
   581	[1;36m
   582	Sells mechanically-triggered tear-gas expellers for use in booby-traps
   583	and other similar applications.  Also has electronically-triggered and
   584	time-delay models.
   585	
   586	[1;32m
   587	The Shotgun News                  Contact:  
   588	Box 669                           Phone  :                     
   589	Hastings, NE 68901                Price  : $16.00, 36 issues/yr
   590	[1;36m
   591	Publication devoted to guns, accessories, machine guns, silencers,
   592	bullets, bombs, knives, bows, crossbows, body armor, gunpowder,
   593	survivalist gear, military surplus, souveniers, etc., as well as
   594	ads by gun dealers, manufacturers, wholesalers, and private
   595	individuals.
   596	
   597	[1;32m
   598	Silent Partners, Inc.             Contact:  
   599	230 Lafayette St.                 Phone  :                     
   600	Gretna, LA 70053                  Price  :  
   601	[1;36m
   602	Offers a full line of threat-zoned modular body armor.  This is a
   603	T-shirt type, bullet-proof material with add-on panels.
   604	
   605	[1;32m
   606	Split Second Security, Inc.       Contact:  
   607	PO Box 16142-G                    Phone  :                     
   608	Houston, TX 77222                 Price  :  
   609	[1;36m
   610	Sells a holster for mini guns, disguised as a pager.  Fits Davis
   611	Derringers, Bauer, Browning .25 autos, Freedom Arms .22LR, 1"
   612	barrel, North American Arms .22LR, 1 1/8".
   613	$17.95 + $1.50 s&h.  Purchaser must comply with applicable laws.
   614	
   615	[1;32m
   616	Steve Arnold's Gunroom            Contact:  
   617	PO Box 68, Dept 32-1              Phone  : 503-726-6360        
   618	Dexter, OR 97431                  Price  : Catalog $2.00
   619	[1;36m
   620	Professional locksmithing tools; picks, tubular lock picks, Schlage
   621	wafer, books, double-sided tumbler picks, etc.
   622	
   623	[1;32m
   624	Superior Suppressors              Contact:  
   625	Box 09161                         Phone  : 313-581-5016        
   626	Detroit, MI 48209                 Price  :  
   627	[1;36m
   628	Sells a complete kit for making an efficient pistol silencer
   629	(including tube) that fits the Ruger Mk-1 auto-pistol.  The kit is
   630	easily finished by simple drilling and hand-filing.  It is legal to
   631	buy the kit, but ILLEGAL to finish it without a federal permit.  A
   632	machine shop can do the work for about $10.  The kit sells for
   633	$100, and reduces the sound of a .22 long rifle to that of a pellet
   634	gun.
   635	
   636	[1;32m
   637	U.S. Cavalry Store                Contact:  
   638	1375 N. Wilson Rd                 Phone  :                     
   639	Radcliff, KY 40160                Price  : Catalog $3.00
   640	[1;36m
   641	Sells a selection of military & paramilitary clothing & gear;
   642	decorations, edged weapons, survival gear, etc.
   643	
   644	[1;32m
   645	Wiley & Sons                      Contact:  
   646	Route 1, Box 86                   Phone  : 214-848-7912        
   647	Wills Point, TX 75169             Price  :  
   648	[1;36m
   649	Tranquilizer guns, darts, & knockout chemicals.
   650	
   651	[1;32m
   652	Yankee Mfg. Co.                   Contact:  
   653	59 Chase St                       Phone  : 617-922-8262        
   654	Beverly, MA 01915                 Price  :  
   655	[1;36m
   656	Smoke bombs, grenades, flare guns, launchers, flash bombs, fuse, etc.
   657	
   658	
   659	
   660	[1;33m
   661	                             NEW AGE SUCKERS
   662	[1;32m
   663	Sounds True Recordings            Contact:  
   664	735 Walnut Str.                   Phone  : 303-449-6229  FAX: 303-449-9226
   665	Boulder, Co 80302 Usa             Price  : Free
   666	[1;36m
   667	All sorts of tapes from Gregorian and/or Tibetan chants to herbalists 
   668	and/or meditation, etc. ... Reviewed by: Texasbob on 03/02/93 @ &TOTSE
   669	
   670	
   671	
   672	[1;33m
   673	                                 POLITIX
   674	[1;32m
   675	Laissez Faire Books               Contact:  
   676	942 Howard Street                 Phone  : 415-541-9780  FAX: 415-541-0597
   677	San Francisco, Ca  94103          Price  : Free
   678	[1;36m
   679	Catalog of Libertarian-oriented books and papers. Reviewed by: Jeff Hunter 
   680	on 06/24/93 @ &TOTSE
   681	
   682	
   683	
   684	[1;33m
   685	                            SCHEMES AND SCAMS
   686	[1;32m
   687	City News Service                 Contact:  
   688	PO Box 86                         Phone  : 417-469-2423        
   689	Willow Springs, MO 65793          Price  : Catalog $3.00
   690	[1;36m
   691	Sells very authentic-looking PRESS ID cards.  Several different
   692	types, including wallet, clip-on, dashboard signs, window stickers,
   693	etc.  Prices are fair, quality is excellent.  Reliable.
   694	
   695	[1;32m
   696	Columbia Pacific University       Contact:  
   697	1415 Third St                     Phone  : 415-459-1650        
   698	San Rafael, CA 94901              Price  : Costs about $2600.00
   699	[1;36m
   700	College degrees; no studies, state authorized.
   701	
   702	[1;32m
   703	Garrison                          Contact:  
   704	PO Box 128                        Phone  :                     
   705	Kew Gardens, NY 11415             Price  : Catalog $2.00
   706	[1;36m
   707	Sells excellent-quality locksmithing tools & equipment.
   708	Reasonable prices.
   709	
   710	[1;32m
   711	K Products                        Contact:  
   712	PO Box 27507                      Phone  :                     
   713	San Antonio, TX 78227             Price  : Color catalog $1.00
   714	[1;36m
   715	Sells ID documents: International drivers' license & other cards,
   716	custom-made police & security badges, etc.
   717	
   718	[1;32m
   719	Taylor                            Contact:  
   720	PO Box 15391                      Phone  :                     
   721	W. Palm Beach, FL 33416           Price  :  
   722	[1;36m
   723	Offers international drivers' license, international student ID card,
   724	Social Security Card, and other documents.  Service is slow,
   725	quality is good.  Not to be used for deceptive or illegal purposes
   726	(of course).
   727	
   728	
   729	
   730	[1;33m
   731	                             SLEAZE AND SMUT
   732	[1;32m
   733	Ju-Ron Company                    Contact:  
   734	3211 W. Rohmann                   Phone  :                     
   735	Peoria, IL 61604                  Price  :  
   736	[1;36m
   737	Strait-jackets, leg irons, iron neck-collars, slave helmets, leather
   738	underwear, etc.  All the latest fashions in bondage and restraint
   739	apparatus.  (Hardware only - you have to come up with your own
   740	software)
   741	
   742	[1;32m
   743	Slippery When Wet                 Contact: Sunah Cherwin
   744	P O Box 3101                      Phone  :                     
   745	Berkeley Ca 94703                 Price  : $20/4 Iss. Sub., $6/Copy
   746	[1;36m
   747	Formerly Logomotive. Slippery When Wet is a magazine of sex and fun for 
   748	people of all sexual persuasions. Hot photos, horny stories, and lots of 
   749	stuff to make you laugh. All your favorite perversions in one magazine. 
   750	Recent issues include: R. Crumb photo session, hints for FTM transgenders. 
   751	Reviewed by: Arkuat on 03/02/93 @ &TOTSE
   752	
   753	
   754	
   755	[1;33m
   756	                             UFO CONTACTEES
   757	[1;32m
   758	Martin, Juliana                   Contact: Juliana Martin
   759	4369 N. Prarie Willow Court       Phone  : 510-689-7315  FAX: NONE
   760	Concord, Ca, 94521, Usa           Price  : Free
   761	[1;36m
   762	She will tell you about her incounter if you will screw her every nite for 
   763	a week, she's lonely and hella fine. Reviewed by: I'm Not Gay on 06/13/93 
   764	@ &TOTSE
   765	
   766	
   767	
   768	[1;33m
   769	                              WEIRD SCIENCE
   770	[1;32m
   771	Amazing Concepts                  Contact:  
   772	Box 716                           Phone  : 603-673-4730        
   773	Amherst, NH 03031                 Price  :  
   774	[1;36m
   775	Sells kits for FM xmitters, telephone bugs, phasor thingumabobs, and
   776	(no kidding) an "invisible pain field generator," which is supposedly
   777	quite weak & disappointing.  Also known as Information Unlimited and
   778	Scientific Systems.
   779	
   780	[1;32m
   781	Extropy Institute                 Contact: Max More <more@usc.Edu>
   782	11860 Magnolia Ave, Ste R         Phone  : 909-688-2323        
   783	Riverside Ca 92503                Price  : $13.50/Yr, $4.50/Copy
   784	[1;36m
   785	Publishes Extropy magazine. Dedicated to extropianism, an expansive, 
   786	promethean, scientific school of though dedicated to removing limits on 
   787	human accomplishment. These people ultimately seek to get rid of death and 
   788	taxes. Libertarian anarchism, cryonics, smart drugs, life extension, AI, 
   789	etc. Reviewed by: Arkuat on 07/18/93 @ &TOTSE
   790	
   791	[1;32m
   792	H & W                             Contact:  
   793	PO Box 4                          Phone  :                     
   794	Whitehall, PA 18052               Price  :  
   795	[1;36m
   796	Sells genuine human skulls, whole skeletons, arms, legs, etc.
   797	Everything is clean & in good condition, with no holes.
   798	A complete listing is avail. for $1.00 and a SASE.
   799	
   800	[1;32m
   801	Merrell Scientific Co.            Contact:  
   802	1665 Buffalo Rd                   Phone  : 716-426-1540        
   803	Rochester, NY 14624               Price  : Catalog $3.00
   804	[1;36m
   805	One of the biggest & most well-stocked mail-order chemical suppliers
   806	in the U.S.  Extremely large selection of high-quality chemicals and
   807	laboratory apparatus.  Good prices, reliable, professional service.
   808	
   809	
   810	
   811	[1;33m
   812	                                  ZINES
   813	[1;32m
   814	Arson                             Contact: Jello Somalia
   815	10290 Shekinah Hill               Phone  : 916-478-1922        
   816	Nevada City, Ca 95959             Price  : $2.00, No Subs. Yet
   817	[1;36m
   818	ARson (a publication of The Estranged Youth Society) is just full of a 
   819	bunch of anti-authority stuff. issue #1 contains: pranks to play on the 
   820	church, mail terrorism, 101 ways to kill your parents with an axe, and 
   821	more. There's also some cool humor, like the mineral water review and 
   822	night of the living sea mon. Reviewed by: Storm Shadow on 03/02/93 @ 
   823	&TOTSE
   824	
   825	[1;32m
   826	Forbidden Lines                   Contact: Charles Overbeck
   827	Po Box 23                         Phone  :                     
   828	Chapel Hill, Nc  27515            Price  : Sample Copy is $1.75
   829	[1;36m
   830	Forbidden Lines is a magazine of horror, sci-fi, fantasy, cyberculture and 
   831	exp and experimental fiction. It's published quarterly and is really slick 
   832	and coo cool. Not at all an amateurish effort. Reviewed by: Ruffin on 
   833	03/02/93 @ &TOTSE
   834	
   835	[1;32m
   836	Mondo 2000                        Contact: Queen Mu & R.U. Sirius
   837	P.O. Box 10171                    Phone  : 510-845-9018  FAX: 510-649-9630
   838	Berkeley, Ca  94709  Usa          Price  : $24Us/Year - 6 Issues
   839	[1;36m
   840	Mondo 2000 is the magazine of cyberpunk, virtual reality, wetware, 
   841	designer aphrodisiacs, artificial life, techno-erotic paganism, and more. 
   842	A great source of information for life on the fringe. Reviewed by: Jeff 
   843	Hunter on 03/05/93 @ &TOTSE
   844	
   845	[1;32m
   846	Vox Mundi                         Contact: Unknown
   847	Po Box 196, Memphis, Ar 72301     Phone  :                     
   848	Memphis, Ar 72301                 Price  : $2/Issue, $7/Year
   849	[1;36m
   850	Humor, politics, extensive self-analysis, much reader contribution. Be 
   851	heard, not herd! Reviewed by: Soulcatcher on 03/02/93 @ &TOTSE
   852	
   853	[1;32m
   854	Wired                             Contact: Louis Rossetto, Publisher
   855	P.O. Box 191826                   Phone  : 415-904-0660  FAX: 415-904-0669
   856	San Francisco, Ca  94119-1826     Price  : $19.95/Year - 6 Issues
   857	[1;36m
   858	Wired explores where the leading edge of technology is leading and driving 
   859	our culture. Wired not only shows the latest gizmos and gadgets, but tries 
   860	to discover what changes our society is going to undergo because of these 
   861	gizmos and gadgets. Very hip, great artwork, excellent writing. ($45/year 
   862	overseas). Reviewed by: Jeff Hunter on 03/05/93 @ &TOTSE
   863	
   864	[1;37m
   865	
   866	                      This report is updated weekly.
   867	              For the latest copy, call &TOTSE @ 510-935-5845
   868	
   869	[0m
