     1	Complete list of public forums as of June 1, 1993.
     2	
     3	
     4	Gateway.  Three letter code that identifies the information provider
     5	area.  When used with the GO navigation command it permits the fastest
     6	transfer between online menus or article pages.  The current Gateway
     7	codes are:
     8	        CIS    CompuServe Infomation Service
     9	        EET    Electronic Engineering Times Network Service
    10	        ZMC    Ziff-Davis MacUser/MacWEEK/CompuServe Information Service
    11	        ZNT    Ziff-Davis ZiffNet Information Service
    12	        HOME   The CompuServe Host for your account (GO HOME:MAIL)
    13	
    14	Quick Reference Word.  Identifiers that are used to access services.
    15	Enter GO and a Quick Reference Word to access a particular
    16	menu or article page online (for example: GO CIS:ATARIPRO).  All Quick
    17	Reference Words can be abbreviated to six (6) characters (for
    18	example: GO CIS:ATARIP).  In CompuServe Information Manager (CIM),
    19	Quick Reference Words are called Service Names.
    20	
    21	Note:  A plus sign (+) after the Forum Name indicates an extended service
    22	forum.
    23	
    24	This file is compiled by Ed Girou of the CompuServe Practice and
    25	CompuServe Help Forums by navigating through every CompuServe menu option.
    26	The time to create and maintain this file is extensive.  This file cannot
    27	be redistributed, published, etc. without prior written permission from
    28	the author.  Contact the author at [76702,542] via CompuServe Mail.
    29	
    30	
    31	
    32	                               Quick
    33	                               Reference    Gate-
    34	Forum Name/Description         Word         way
    35	----------------------         -----------  -----
    36	ACIUS Forum+                   ACIUS        CIS
    37	AI Expert Forum+               AIEXPERT     CIS
    38	APPC Info Exchange Forum+      APPCFORUM    CIS
    39	ASP/Shareware Forum+           ASPFORUM     CIS
    40	Adobe Forum+                   ADOBE        CIS
    41	Aldus Customer Service Forum+  ALDSVC       CIS
    42	Aldus Forum+                   ALDUSFORUM   CIS
    43	Aldus Special Programs Forum+  ALDUSSP      CIS
    44	Amiga Arts Forum+              AMIGAARTS    CIS
    45	Amiga Tech Forum+              AMIGATECH    CIS
    46	Amiga User's Forum+            AMIGAUSER    CIS
    47	Amiga Vendor Forum+            AMIGAVENDOR  CIS
    48	Apple II Programmers Forum+    APPROG       CIS
    49	Apple II Users Forum+          APPUSER      CIS
    50	Apple II Vendor Forum+         APIIVEN      CIS
    51	Aquaria/Fish Forum+            FISHNET      CIS
    52	Artisoft Forum+                ARTISOFT     CIS
    53	Ask3Com Forum+                 ASKFORUM     CIS
    54	Astronomy Forum+               ASTROFORUM   CIS
    55	Atari 8-Bit Forum+             ATARI8       CIS
    56	Atari Portfolio Forum+         APORTFOLIO   CIS
    57	Atari ST Arts Forum+           ATARIARTS    CIS
    58	Atari ST Productivity Forum+   ATARIPRO     CIS
    59	Atari Vendor Forum+            ATARIVEN     CIS
    60	Attn. Deficit Disorder Forum+  ADD          CIS
    61	Autodesk AutoCAD Forum+        ACAD         CIS
    62	Autodesk Retail Forum+         ARETAIL      CIS
    63	Autodesk Software Forum+       ASOFT        CIS
    64	Automobile Forum+              CARS         CIS
    65	Aviation Forum+                AVSIG        CIS
    66	BASIS International Forum+     BASIS        CIS
    67	Bacchus Wine Forum+            WINEFORUM    CIS
    68	Banyan Forum+                  BANFORUM     CIS
    69	Blyth Forum+                   BLYTH        CIS
    70	Borland Applications Forum+    BORAPP       CIS
    71	Borland C++/DOS Forum+         BCPPDOS      CIS
    72	Borland C++/Windows Forum+     BCPPWIN      CIS
    73	Borland Dbase Products Forum+  BORDB        CIS
    74	Borland Developer Tool Forum+  BDEVTOOLS    CIS
    75	Borland GmbH Forum+            BORGMBH      CIS
    76	Borland Paradox/DOS Forum+     PDOXDOS      CIS
    77	Borland Paradox/Windows Forum+ PDOXWIN      CIS
    78	Borland PASCAL Forum+          BPASCAL      CIS
    79	Borland Quattro Pro Forum+     QUATTROPRO   CIS
    80	Borland dBASE Forum+           DBASE        CIS
    81	Broadcast Professionals Forum+ BPFORUM      CIS
    82	CADD/CAM/CAE Vendor Forum+     CADDVEN      CIS
    83	CASE DCI Forum+                CASEFORUM    CIS
    84	CB Forum+                      CBFORUM      CIS
    85	CDROM Forum+                   CDROM        CIS
    86	CDROM Vendor Forum+            CDVEN        CIS
    87	CIM Support Forum (FREE)       CIMSUPPORT   CIS
    88	CIM for Windows Support Forum  WCIMSUPPORT  CIS
    89	CP/M Users Group Forum+        CPMFORUM     CIS
    90	CTOS/Open Forum+               CTOS         CIS
    91	Cabletron Systems Forum+       CTRONFORUM   CIS
    92	Cadence Forum+                 CADENCE      CIS
    93	California Forum+              CALFORUM     CIS
    94	Cancer Forum+                  CANCER       CIS
    95	Cannon Support Forum+          CAN-10       CIS
    96	Canopus Research Forum+        CANOPUS      CIS
    97	Central Point DOS Forum+       CPSDOS       CIS
    98	Central Point Win/Mac Forum+   CPSWIN       CIS
    99	Chess Forum+                   CHESSFORUM   CIS
   100	Clarion Forum+                 CLARION      CIS
   101	Claris Forum+                  CLARIS       CIS
   102	Client Server Computing Forum+ MSNETWORKS   CIS
   103	Cobb Applications Forum+       COBBAPP      ZNT
   104	Cobb Group Programming Forum+  COBBPROG     ZNT
   105	Coin/Stamp/Collectibles Forum+ COLLECT      CIS
   106	Color Compuer (CoCo) Forum+    COCO         CIS
   107	Comics/Animation Forum+        COMICS       CIS
   108	Commodore Applications Forum+  CBMAPP       CIS
   109	Commodore Art/Games Forum+     CBMART       CIS
   110	Commodore Service Forum+       CBMSERVICE   CIS
   111	Compaq Computer Forum+         CPQFORUM     CIS
   112	CompuAdd Forum+                COMPUADD     CIS
   113	CompuServe Help Forum (FREE)   HELPFORUM    CIS
   114	CompuServe Pacific Forum+      PACFORUM     CIS
   115	Computer Art Forum+            COMART       CIS
   116	Computer Assoc App Dev Forum+  CAIDEV       CIS
   117	Computer Assoc Clipper Forum+  CLIPPER      CIS
   118	Computer Assoc ClipperGermany+ CLIPGER      CIS
   119	Computer Assoc Micro Germany+  CAMICRO      CIS
   120	Computer Assoc Prof Solutions+ CAIPRO       CIS
   121	Computer Assoc VAX/UNIX Forum+ CAIMINI      CIS
   122	Computer Club Forum+           CLUB         CIS
   123	Computer Consultant's Forum+   CONSULT      CIS
   124	Computer Language Forum+       CLMFORUM     CIS
   125	Computer Shopper Forum+        COMPSHOPPER  ZNT
   126	Computer Training Forum+       DPTRAIN      CIS
   127	Consumer Electronics Forum+    CEFORUM      CIS
   128	Cooks Online Forum+            COOKS        CIS
   129	Corel Support Forum+           COREL        CIS
   130	Corporate Computing Forum+     CORPORATE    ZNT
   131	Court Reporters Forum+         CRFORUM      CIS
   132	Crafts Forum+                  CRAFTS       CIS
   133	Crosstalk Forum+               XTALK        CIS
   134	DATASTORM Forum+               DATASTORM    CIS
   135	DBMS Magazine Forum+           DBMSFORUM    CIS
   136	DEC PC Forum+                  DECPC        CIS
   137	DEC PC Integration Forum+      DECPCI       CIS
   138	DELL Forum+                    DELL         CIS
   139	Data Access Corp. Forum+       DACCESS      CIS
   140	Data Based Advisor Forum+      DBADVISOR    CIS
   141	DataEase International Forum+  DATAEASE     CIS
   142	DaVinci Forum+                 DAVINCI      CIS
   143	Dear FocWizards Forums+        FOCWIZARD    CIS
   144	Delrine Technology Forum+      DELRINA      CIS
   145	Desktop Publish. Vendor Forum+ DTPVENDOR    CIS
   146	Desktop Publishing Forum+      DTPFORUM     CIS
   147	Deutsches Computer Forum+      GERNET       CIS
   148	Diabetes Forum+                DIABETES     CIS
   149	Digitalk Forum+                DIGITALK     CIS
   150	Disabilities Forum+            DISABILITIES CIS
   151	Dr. Dobbs Journal Forum+       DDJFORUM     CIS
   152	Dr. Neuhaus Forum+             NHDFORUM     CIS
   153	EETnet Engineering Forum+      ENGINEERING  EET
   154	EICON Technology Forum+        EICON        CIS
   155	Earth Forum+                   EARTH        CIS
   156	Education Forum+               EDFORUM      CIS
   157	Educational Research Forum+    EDRESEARCH   CIS
   158	Electronic Frontier Forum+     EFFSIG       CIS
   159	Engineering Automation Forum+  LEAP         CIS
   160	Epson Forum+                   EPSON        CIS
   161	European Comm. Telework Forum+ ECTF         CIS
   162	European Forum+                EURFORUM     CIS
   163	Executives Online Forum+       EXECUTIVES   ZNT
   164	Federation Intl Distributions+ FEDERATION   CIS
   165	Fifth Generation Forum+        FIFTHGEN     CIS
   166	Fine Art Forum+                FINEART      CIS
   167	Fishnet - ADC Forum+           AQUADATA     CIS
   168	Flight Simulator Forum+        FSFORUM      CIS
   169	Florida Forum+                 FLORIDA      CIS
   170	Florida Today Forum+           FLATODAY     CIS
   171	FocServices Forum+             FOCSERVICES  CIS
   172	Focus User's Group+            FUSE         CIS
   173	Foreign Lang. Education Forum+ FLEFO        CIS
   174	Forth Forum/Creative Solution+ FORTH        CIS
   175	Fox Software Forum+            FOXFORUM     CIS
   176	Game Publishers A Forum+       GAMAPUB      CIS
   177	Game Publishers B Forum+       GAMBPUB      CIS
   178	Gamers Forum+                  GAMERS       CIS
   179	Gardening Forum+               GARDENING    CIS
   180	Genealogy Forum+               ROOTS        CIS
   181	General Computing Forum+       GENCOM       CIS
   182	Global Crisis Forum+           CRISIS       CIS
   183	Graphics Corner Forum+         CORNER       CIS
   184	Graphics Developers Forum+     GRAPHDEV     CIS
   185	Graphics Gallery Forum+        GALLERY      CIS
   186	Graphics Plus Forum+           GRAPHPLUS    CIS
   187	Graphics Support Forum+        GRAPHSUPPORT CIS
   188	Graphics Vendor Forum+         GRAPHVEN     CIS
   189	Graphics Vendor B Forum+       GRAPHBVEN    CIS
   190	HP Handheld Forum+             HPHAND       CIS
   191	HP Peripherials Forum+         HPPER        CIS
   192	HP Systems Forum+              HPSYS        CIS
   193	HamNet <Ham Radio> Forum+      HAMNET       CIS
   194	Hayes Forum+                   HAYFORUM     CIS
   195	Health & Fitness Forum+        GOODHEALTH   CIS
   196	Human Sexuality Adult Forum+   HSX200       CIS
   197	Human Sexuality Open Forum+    HSX100       CIS
   198	Human Society of U.S. Forum+   HSUS         CIS
   199	IBM Applications Forum+        IBMAPP       CIS
   200	IBM Bulletin Board Forum+      IBMBBS       CIS
   201	IBM Communications Forum+      IBMCOM       CIS
   202	IBM Desktop Software Forum+    IBMDESK      CIS
   203	IBM Hardware Forum+            IBMHW        CIS
   204	IBM Lan Mgmt Utilities/2 Forum+LMU2FORUM    CIS
   205	IBM New Users Forum+           IBMNEW       CIS
   206	IBM OS/2 Developer's Forum #1+ OS2DF1       CIS
   207	IBM OS/2 Developer's Forum #2+ OS2DF2       CIS
   208	IBM OS/2 PSP Beta Forum+       PSPBETA      CIS
   209	IBM OS/2 Support Forum+        OS2SUPPORT   CIS
   210	IBM OS/2 User's Forum+         OS2USER      CIS
   211	IBM OS/2 Vendor Forum+         OS2AVEN      CIS
   212	IBM Programming Forum+         IBMPRO       CIS
   213	IBM Systems/Utilities Forum+   IBMSYS       CIS
   214	IBM/Special Needs Forum+       IBMSPECIAL   CIS
   215	IBM ThinkPad Forum+            THINKPAD     CIS
   216	Int'l Entrepreneurs Network+   USEN         CIS
   217	International Forum+           INTFRM       EET
   218	International Trade Forum+     TRADE        CIS
   219	Intel Access/iRUG Forum+       INTELACCESS  CIS
   220	Intel Forum+                   INTELFORUM   CIS
   221	Investors Forum+               INVFORUM     CIS
   222	Issues Forum+                  ISSUESFORUM  CIS
   223	Javelin/EXPRESS Forum+         IRIFORUM     CIS
   224	Journalism Forum+              JFORUM       CIS
   225	Kodak CD Forum+                KODAK        CIS
   226	LDC Word Processing Forum+     LOTUSWP      CIS
   227	LDOS/TRSDOS6 Users Forum+      LDOS         CIS
   228	LOGO Forum+                    LOGOFORUM    CIS
   229	Lan Magazine Forum+            LANMAG       CIS
   230	Lan Technology Forum+          LANTECH      CIS
   231	Legal Forum+                   LAWSIG       CIS
   232	Literary Forum+                LITFORUM     CIS
   233	Logitech Forum+                LOGITECH     CIS
   234	Lotus GmbH Forum+              LOTGER       CIS
   235	Lotus Spreadsheets Forum+      LOTUSA       CIS
   236	Lotus Words & Pixels Forum+    LOTUSB       CIS
   237	MECA Software Forum+           MECA         CIS
   238	MIDI Vendor A Forum+           MIDIAVENDOR  CIS
   239	MIDI Vendor B Forum+           MIDIBVENDOR  CIS
   240	MIDI Vendor C Forum+           MIDICVENDOR  CIS
   241	MIDI/Music Forum+              MIDIFORUM    CIS
   242	Mac A Vendor Forum+            MACAVEN      CIS
   243	Mac Applications Forum+        MACAP        CIS
   244	Mac B Vendor Forum+            MACBVEN      CIS
   245	Mac C Vendor Forum+            MACCVEN      CIS
   246	Mac D Vendor Forum+            MACDVEN      CIS
   247	Mac CIM Support Forum (FREE)   MCIMSUPPORT  CIS
   248	Mac Communications Forum+      MACCOMM      CIS
   249	Mac Community Clubhouse Forum+ MACCLUB      CIS
   250	Mac Developers Forum+          MACDEV       CIS
   251	Mac Fun/Entertainment Forum+   MACFUN       CIS
   252	Mac Hardware Forum+            MACHW        CIS
   253	Mac Hypertext Forum+           MACHYPER     CIS
   254	Mac New Users/Help Forum+      MACNEW       CIS
   255	Mac System Software Forum+     MACSYS       CIS
   256	MacUser Forum+                 MACUSER      ZMC
   257	MacWEEK Forum+                 MACWEEK      ZMC
   258	Macromedia Forum+              MACROMEDIA   CIS
   259	Markt & Technik Deutschland+   MUTFORUM     CIS
   260	Masonry Forum+                 MASONRY      CIS
   261	McAfee Virus Help Forum+       VIRUSFORUM   CIS
   262	MedSIG Forum+                  MEDSIG       CIS
   263	Mensa Forum+                   MENSA        CIS
   264	Microsoft Applications Forum+  MSAPP        CIS
   265	Microsoft Access Forum+        MSACCESS     CIS
   266	Microsoft BASIC Forum+         MSBASIC      CIS
   267	Microsoft Benelux Forum+       MSBF         CIS
   268	Microsoft Centrl Europe Forum+ MSCE         CIS
   269	Microsoft Centrl Europe System+MSCESYSTEM   CIS
   270	Microsoft DOS Forum+           MSDOS        CIS
   271	Microsoft Developer Network+   MSDNLIB      CIS
   272	Microsoft Developer Relations+ MSDR         CIS
   273	Microsoft Excel Forum+         MSEXCEL      CIS
   274	Microsoft Languages Forum+     MSLANG       CIS
   275	Microsoft SQL Server Forum+    MSSQL        CIS
   276	Microsoft WIN32 Forum+         MSWIN32      CIS
   277	Microsoft Windows SDK Forum+   WINSDK       CIS
   278	Microsoft Word Forum+          MSWORD       CIS
   279	Microsoft Workgroup Forum+     MSWRKGRP     CIS
   280	Military Forum+                MILITARY     CIS
   281	Model Aviation Forum+          MODELNET     CIS
   282	Modem Games Forum+             MODEMGAMES   CIS
   283	Modem Vendor Forum+            MODEMVENDOR  CIS
   284	Motor Sports Forum+            RACING       CIS
   285	Multi-Player Games Forum+      MPGAMES      CIS
   286	MultiMedia Forum+              MULTIMEDIA   CIS
   287	MultiMedia Vendor Forum+       MULTIVEN     CIS
   288	Music/Arts Forum+              MUSICARTS    CIS
   289	NAIC Investor Education Forum+ NAIC         CIS
   290	Navigator Support Forum        NAVSUPPORT   CIS
   291	NeXT Forum+                    NEXTFORUM    CIS
   292	New Age Forum+                 NEWAGE       CIS
   293	Novell A Forum+                NOVA         CIS
   294	Novell B Forum+                NOVB         CIS
   295	Novell C Forum+                NOVC         CIS
   296	Novell Desktop Systems Group+  DRFORUM      CIS
   297	Novell Library Forum+          NOVLIB       CIS
   298	Novell NetWare 2.X Forum+      NETW2X       CIS
   299	Novell NetWare 3.X Forum+      NETW3X       CIS
   300	Novell Netware 4.X Forum+      NETW4X       CIS
   301	Novell User Library Forum+     NOVUSER      CIS
   302	Novell Vendor Forum+           NOVVEN       CIS
   303	OS-9 Forum+                    OS9          CIS
   304	Office Automation Vendr Forum+ OAFORUM      CIS
   305	Oracle Support Forum+          ORACLE       CIS
   306	Outdoors Forum+                OUTDOORFORUM CIS
   307	PC Contact Forum+              PCCONTACT    ZNT
   308	PC MagNet: After Hours Forum+  AFTERHOURS   ZNT
   309	PC MagNet: Editorial Forum+    EDITORIAL    ZNT
   310	PC MagNet: Programming Forum+  PROGRAMMING  ZNT
   311	PC MagNet: Utilities Forum+    UTILFORUM    ZNT
   312	PC Magazine UK Forum+          PCMAGUK      ZNT
   313	PC Plus/PC Answers Forum+      PCPFORUM     CIS
   314	PC Sources Forum+              SOURCES      ZNT
   315	PC Vendor A Forum+             PCVENA       CIS
   316	PC Vendor B Forum+             PCVENB       CIS
   317	PC Vendor C Forum+             PCVENC       CIS
   318	PC Vendor D Forum+             PCVEND       CIS
   319	PC Vendor E Forum+             PCVENE       CIS
   320	PC Vendor F Forum+             PCVENF       CIS
   321	PC Vendor G Forum+             PCVENG       CIS
   322	PC Vendor H Forum+             PCVENH       CIS
   323	PC Week: Corp. Buyers' Forum+  PCWEEK       ZNT
   324	PDP-11 Forum+                  PDP11        CIS
   325	PR & Marketing Forum+          PRSIG        CIS
   326	Pacific Vendor Forum+          PACVENDOR    CIS
   327	Packard Bell Forum+            PACKARDBELL  CIS
   328	Palmtop Forum+                 PALMTOP      CIS
   329	Pen Technology Forum+          PENFORUM     CIS
   330	Pers.Comp.Mag Europe Forum+    PCMFORUM     CIS
   331	Pets/Animal Forum+             PETS         CIS
   332	Photography Forum+             PHOTOFORUM   CIS
   333	Play-By-Mail Games Forum+      PBMGAMES     CIS
   334	Political Debate Forum+        POLITICS     CIS
   335	Portable Programming Forum+    CODEPORT     CIS
   336	Practical Peripherals Forum+   PPIFORUM     CIS
   337	Practice Forum (FREE)          PRACTICE     CIS
   338	Prisma Deutschland Forum+      PRISMA       CIS
   339	Public Brand Software AppForum+PBSAPPS      ZNT
   340	Public Brand Software Arcade+  PBSARCADE    ZNT
   341	Quarterdeck Support Forum+     QUARTERDECK  CIS
   342	Quick Pictures Forum+          QPICS        CIS
   343	Religion Forum+                RELIGION     CIS
   344	Revelation Tech Forum+         REVELATION   CIS
   345	RockNet Forum+                 ROCKNET      CIS
   346	Role-Playing Games Forum+      RPGAMES      CIS
   347	Safetynet Forum+               SAFETY       CIS
   348	Sailing Forum+                 SAILING      CIS
   349	Santa Cruz Operation Forum+    SCOFORUM     CIS
   350	Science/Math Education Forum+  SCIENCE      CIS
   351	ScienceFiction &Fantasy Forum+ SCI-FI       CIS
   352	Scuba Forum+                   DIVING       CIS
   353	Seniors Forum+                 SENIORS      CIS
   354	ShowBiz Forum+                 SHOWBIZ      CIS
   355	Siemens Auomatisierungs Forum+ AUTFORUM     CIS
   356	Sight & Sound Forum+           SSFORUM      CIS
   357	Software Publisher Assn Forum+ SPAFORUM     CIS
   358	Software Publishing Forum+     SPCFORUM     CIS
   359	Solutions Australia Forum+     SOLUTIONS    CIS
   360	Space/Astronomy Forum+         SPACEFORUM   CIS
   361	Spinnaker Software Forum+      SPINNAKER    CIS
   362	Sports Forum+                  FANS         CIS
   363	Stac Electronics Forum+        STACKER      CIS
   364	Standard Microsystem Forum+    SMC          CIS
   365	Students' Forum+               STUFO        CIS
   366	Sun Select Forum+              SUNSELECT    CIS
   367	Symantec AntiVirus Forum+      SYMVIRUS     CIS
   368	Symantec Applications Forum+   SYMAPPS      CIS
   369	Symantec Development Forum+    SYMDEVTOOL   CIS
   370	Symantec/Norton Utility Forum+ SYMUTIL      CIS
   371	TAPCIS Forum+                  TAPCIS       CIS
   372	Tandy Model 100 Forum+         M100SIG      CIS
   373	Tandy Professional Forum+      TRS80PRO     CIS
   374	Telecommunication Issues Forum+TELECOM      CIS
   375	Texas Instruments Forums+      TIFORUM      CIS
   376	Thomas-Conrad Support Forum+   TCCFORUM     CIS
   377	Toshiba Forum+                 TOSHIBA      CIS
   378	Toshiba GmbH Forum+            TOSHGER      CIS
   379	TrainNet Forum+                TRAINNET     CIS
   380	Travel Forum+                  TRAVSIG      CIS
   381	UK Computer Shopper Forum+     UKSHOPPER    CIS
   382	UK Computing Forum+            UKCOMPUTING  CIS
   383	UK Forum+                      UKFORUM      CIS
   384	UK Share Forum+                UKSHARE      CIS
   385	Ultimedia Hardware Plus Forum+ ULTIHW       CIS
   386	Ultimedia Tools Series A Forum+ULTIATOOLS   CIS
   387	Ultimedia Tools Series B Forum+ULTIBTOOLS   CIS
   388	Unix Forum+                    UNIXFORUM    CIS
   389	UnixWare Forum+                UNIXWARE     CIS
   390	UserLand Forum+                USERLAND     CIS
   391	VAX Forum+                     VAXFORUM     CIS
   392	Venture Software Inc Forum+    VENTURA      CIS
   393	WRQ/Reflection Forum+          WRQFORUM     CIS
   394	Wang Support Forum+            WANGFORUM    CIS
   395	White House Forum+             WHITEHOUSE   CIS
   396	Windows 3rd Party A Forum+     WINAPA       CIS
   397	Windows 3rd Party B Forum+     WINAPB       CIS
   398	Windows 3rd Party C Forum+     WINAPC       CIS
   399	Windows 3rd Party D Forum+     WINAPD       CIS
   400	Windows Extensions Forum+      WINEXT       CIS
   401	Windows Fun Forum+             WINFUN       CIS
   402	Windows Objects Forum+         WINOBJECTS   CIS
   403	Windows Shareware Forum+       WINSHARE     CIS
   404	Windows Sources Forum+         WINSOU       ZNT
   405	Windows Support Forum+         MSWIN        CIS
   406	Windows Users Network Forum+   WUGNET       CIS
   407	WinNT Pre-Release Forum+       WINNT        CIS
   408	Wolfram Research Forum+        WOLFRAM      CIS
   409	WordPerfect Customer Support+  WPCS         CIS
   410	WordPerfect Users Forum+       WPUSERS      CIS
   411	WordStar Forum+                WORDSTAR     CIS
   412	Working-From-Home Forum+       WORK         CIS
   413	Worldwide Car Network Forum+   WWCAR        CIS
   414	ZMac Download & Support Forum+ DOWNLOAD     ZMC
   415	ZiffNet Support Forum          SUPPORT      ZNT
   416	ZiffNet Windows Deutschland+   GERWIN       ZNT
   417	Zenith Data Systems Forum+     ZENITH       CIS
